[[-4.06511598e-05  1.43663162e-05]
 [ 2.37057966e-05 -2.68237748e-05]
 [-3.81821632e-05  2.92187497e-05]
 ...
 [ 1.59871568e-05 -4.59784088e-05]
 [ 5.28716062e-05  3.72672236e-06]
 [-4.83333994e-06 -1.60322650e-05]]